22:12:16 **** Build of configuration Debug for project open_ocd_02 ****
make -j12 all 
arm-none-eabi-gcc -mcpu=cortex-m4 -g3 -DDEBUG -c -x assembler-with-cpp -MMD -MP -MF"Startup/startup_stm32f446retx.d" -MT"Startup/startup_stm32f446retx.o" --specs=nano.specs -mfloat-abi=soft -mthumb -o "Startup/startup_stm32f446retx.o" "../Startup/startup_stm32f446retx.s"
arm-none-eabi-gcc "../Src/main.c" -mcpu=cortex-m4 -std=gnu11 -g3 -DDEBUG -DSTM32 -DSTM32F4 -DSTM32F446RETx -DNUCLEO_F446RE -c -I../Inc -O0 -ffunction-sections -fdata-sections -Wall -fstack-usage -fcyclomatic-complexity -MMD -MP -MF"Src/main.d" -MT"Src/main.o" --specs=nano.specs -mfloat-abi=soft -mthumb -o "Src/main.o"
arm-none-eabi-gcc "../Src/sysmem.c" -mcpu=cortex-m4 -std=gnu11 -g3 -DDEBUG -DSTM32 -DSTM32F4 -DSTM32F446RETx -DNUCLEO_F446RE -c -I../Inc -O0 -ffunction-sections -fdata-sections -Wall -fstack-usage -fcyclomatic-complexity -MMD -MP -MF"Src/sysmem.d" -MT"Src/sysmem.o" --specs=nano.specs -mfloat-abi=soft -mthumb -o "Src/sysmem.o"
arm-none-eabi-gcc -o "open_ocd_02.elf" @"objects.list"   -mcpu=cortex-m4 -T"E:\INNOVATION\arm_cortex_mx\open_ocd_02\STM32F446RETX_FLASH.ld" --specs=nosys.specs -Wl,-Map="open_ocd_02.map" -Wl,--gc-sections -static -specs=rdimon.specs -lc -lrdimon --specs=nano.specs -mfloat-abi=soft -mthumb -Wl,--start-group -lc -lm -Wl,--end-group
Finished building target: open_ocd_02.elf
 
arm-none-eabi-size   open_ocd_02.elf 
arm-none-eabi-objdump -h -S  open_ocd_02.elf  > "open_ocd_02.list"
   text	   data	    bss	    dec	    hex	filename
   4484	    108	   2076	   6668	   1a0c	open_ocd_02.elf
Finished building: default.size.stdout
 
Finished building: open_ocd_02.list
 

22:12:16 Build Finished. 0 errors, 0 warnings. (took 555ms)

